[www.maggmashop.com.ar/quienes-somos/index.html]
[backblue.gif]
[fade.gif]
[index.html]
[acdn.mitiendanube.com/stores/001/053/132/themes/idea/style-critical-b42a8300f1184f84d5b2a5263bcc7d53.css]
[acdn.mitiendanube.com/stores/001/053/132/themes/idea/style-colors-0cbd494193ec0a960cde053b7228c262.css]
[acdn.mitiendanube.com/stores/001/053/132/themes/idea/style-async-0fdfe20fa00f6c13730213cda9b94246.css]
[ajax.googleapis.com/ajax/libs/jquery/1.11.1/jquery.min.js]
[acdn.mitiendanube.com/assets/stores/js/metrics-worker-c984926f96a2e4787f155a9755d6944a30cd7a.js]
[connect.facebook.net/en_US/fbevents.js]
[acdn.mitiendanube.com/assets/stores/js/linkedstore-v2-6fde3a034bf0e53cf45ff1c00df7386930cd7a.js]
[acdn.mitiendanube.com/assets/themes/idea/static/images/empty-placeholder.png]
[www.maggmashop.com.ar/quienes-somos/index.html]
[acdn.mitiendanube.com/stores/001/053/132/themes/idea/style-critical-b42a8300f1184f84d5b2a5263bcc7d53.css]
[acdn.mitiendanube.com/stores/001/053/132/themes/idea/style-colors-0cbd494193ec0a960cde053b7228c262.css]
[acdn.mitiendanube.com/stores/001/053/132/themes/idea/style-async-0fdfe20fa00f6c13730213cda9b94246.css]
[www.maggmashop.com.ar/cdn-cgi/scripts/5c5dd728/cloudflare-static/email-decode.min.js]
[www.maggmashop.com.ar/quienes-somos/a.e.delayed]
[www.maggmashop.com.ar/quienes-somos/POST]
[www.maggmashop.com.ar/quienes-somos/b.resolvedLink]
[www.maggmashop.com.ar/quienes-somos/schema.org/index.html]
[www.maggmashop.com.ar/signals/iwl.js]
[connect.facebook.net/en_US/fbevents.js]
[www.maggmashop.com.ar/quienes-somos/a.html]
[www.maggmashop.com.ar/quienes-somos/POST.html]
[www.maggmashop.com.ar/quienes-somos/schema.org/index.html]
[www.maggmashop.com.ar/quienes-somos/b.html]
[www.maggmashop.com.ar/signals/iwl.html]
